// Jest Snapshot v1, https://goo.gl/fbAQLP

exports[`Footer should match snapshot 1`] = `
<DocumentFragment>
  <footer>
    @Keepcoding 2021
  </footer>
</DocumentFragment>
`;
